27.01.2026 - 21:41:07 - [TAB v5.5.0] Blocked attempt to add player Hrinay into team 1306551A_Z1 (expected team: 7HrinayA).
27.01.2026 - 21:41:07 - [TAB v5.5.0] Blocked attempt to add player Hrinay into team 1306551A_AA2 (expected team: 7HrinayA).
27.01.2026 - 21:41:53 - [TAB v5.5.0] Blocked attempt to add player Hrinay into team 1306551A_AA3 (expected team: 7HrinayA).
28.01.2026 - 16:34:17 - [TAB v5.5.0] Blocked attempt to add player Hrinay into team 3AC26DFE_AA1 (expected team: 7HrinayA).
29.01.2026 - 11:33:46 - [TAB v5.5.0] Blocked attempt to add player wiwiwi69 into team 537B3B28_Z1 (expected team: 6wiwiwi69A).
29.01.2026 - 11:36:31 - [TAB v5.5.0] Blocked attempt to add player wiwiwi69 into team 537B3B28_AAA2 (expected team: 6wiwiwi69A).
29.01.2026 - 11:36:32 - [TAB v5.5.0] Blocked attempt to add player wiwiwi69 into team 537B3B28_AAA2 (expected team: 7wiwiwi69A).
29.01.2026 - 11:36:44 - [TAB v5.5.0] Blocked attempt to add player wiwiwi69 into team 537B3B28_AAAA3 (expected team: 7wiwiwi69A).
04.02.2026 - 19:10:30 - [TAB v5.5.0] Blocked attempt to add player Hrinay into team F3E5CDC5_AA1 (expected team: 7HrinayA).
04.02.2026 - 19:21:56 - [TAB v5.5.0] Blocked attempt to add player Hrinay into team F3E5CDC5_AA2 (expected team: 7HrinayA).
04.02.2026 - 19:27:14 - [TAB v5.5.0] Blocked attempt to add player Hrinay into team F3E5CDC5_AA3 (expected team: 7HrinayA).
06.02.2026 - 18:55:50 - [TAB v5.5.0] Blocked attempt to add player BANGARSALWYRR3 into team E50083A0_Z1 (expected team: 6BANGARSALWYRR3A).
06.02.2026 - 18:56:21 - [TAB v5.5.0] Blocked attempt to add player BANGARSALWYRR3 into team E50083A0_AA2 (expected team: 6BANGARSALWYRR3A).
06.02.2026 - 18:56:21 - [TAB v5.5.0] Blocked attempt to add player BANGARSALWYRR3 into team E50083A0_AAA3 (expected team: 6BANGARSALWYRR3A).
06.02.2026 - 19:03:21 - [TAB v5.5.0] Blocked attempt to add player BANGARSALWYRR3 into team 4F2C6552_AA1 (expected team: 0BANGARSALWYRR3A).
06.02.2026 - 19:11:46 - [TAB v5.5.0] Blocked attempt to add player Hrinay into team CEFBA2AD_AA1 (expected team: 0HrinayA).
06.02.2026 - 19:19:19 - [TAB v5.5.0] Blocked attempt to add player Hrinay into team AB3BEA5A_AA1 (expected team: 0HrinayA).
06.02.2026 - 19:25:30 - [TAB v5.5.0] Blocked attempt to add player Hrinay into team AB3BEA5A_AA2 (expected team: 0HrinayA).
06.02.2026 - 19:28:07 - [TAB v5.5.0] Blocked attempt to add player Hrinay into team 2AB8AACD_AA1 (expected team: 0HrinayA).
06.02.2026 - 19:28:36 - [TAB v5.5.0] Blocked attempt to add player Hrinay into team 2AB8AACD_AAA2 (expected team: 0HrinayA).
07.02.2026 - 10:51:51 - [TAB v5.5.0] Blocked attempt to add player Hrinay into team A357A107_AA1 (expected team: 0HrinayA).
07.02.2026 - 11:10:46 - [TAB v5.5.0] Blocked attempt to add player Hrinay into team C4C14D0E_AA1 (expected team: 0HrinayA).
07.02.2026 - 11:10:53 - [TAB v5.5.0] Blocked attempt to add player Hrinay into team C4C14D0E_AA2 (expected team: 0HrinayA).
07.02.2026 - 11:11:07 - [TAB v5.5.0] Blocked attempt to add player Hrinay into team C4C14D0E_AA3 (expected team: 0HrinayA).
07.02.2026 - 11:19:40 - [TAB v5.5.0] Blocked attempt to add player Hrinay into team 24D6EE4E_AA1 (expected team: 0HrinayA).
07.02.2026 - 11:41:22 - [TAB v5.5.0] Blocked attempt to add player Hrinay into team 2832C810_AA1 (expected team: 0HrinayA).
07.02.2026 - 11:41:34 - [TAB v5.5.0] Blocked attempt to add player Hrinay into team 2832C810_AA2 (expected team: 0HrinayA).
07.02.2026 - 11:41:47 - [TAB v5.5.0] Blocked attempt to add player Hrinay into team 2832C810_AA3 (expected team: 0HrinayA).
07.02.2026 - 11:43:06 - [TAB v5.5.0] Blocked attempt to add player Hrinay into team 2832C810_AA4 (expected team: 0HrinayA).
07.02.2026 - 11:45:07 - [TAB v5.5.0] Blocked attempt to add player Hrinay into team 2832C810_AA5 (expected team: 0HrinayA).
07.02.2026 - 11:47:00 - [TAB v5.5.0] Blocked attempt to add player Hrinay into team 2832C810_AA6 (expected team: 0HrinayA).
07.02.2026 - 11:48:32 - [TAB v5.5.0] Blocked attempt to add player Hrinay into team 2832C810_AA8 (expected team: 0HrinayA).
07.02.2026 - 11:49:22 - [TAB v5.5.0] Blocked attempt to add player wiwiwi69 into team 2832C810_Z9 (expected team: 7wiwiwi69A).
07.02.2026 - 11:50:12 - [TAB v5.5.0] Blocked attempt to add player Hrinay into team 2832C810_AA8 (expected team: 0HrinayA).
07.02.2026 - 11:50:12 - [TAB v5.5.0] Blocked attempt to add player wiwiwi69 into team 2832C810_Z10 (expected team: 7wiwiwi69A).
07.02.2026 - 11:55:04 - [TAB v5.5.0] Blocked attempt to add player wiwiwi69 into team 2832C810_AAA11 (expected team: 7wiwiwi69A).
07.02.2026 - 11:55:45 - [TAB v5.5.0] Blocked attempt to add player Hrinay into team 2832C810_AAA11 (expected team: 0HrinayA).
07.02.2026 - 11:55:54 - [TAB v5.5.0] Blocked attempt to add player Hrinay into team 2832C810_AAA11 (expected team: 8HrinayA).
07.02.2026 - 11:55:54 - [TAB v5.5.0] Blocked attempt to add player wiwiwi69 into team 2832C810_AAA11 (expected team: 8wiwiwi69A).
07.02.2026 - 11:56:18 - [TAB v5.5.0] Blocked attempt to add player Hrinay into team 2832C810_AA12 (expected team: 8HrinayA).
07.02.2026 - 11:56:18 - [TAB v5.5.0] Blocked attempt to add player Hrinay into team 2832C810_AA12 (expected team: 8HrinayA).
07.02.2026 - 12:05:43 - [TAB v5.5.0] Blocked attempt to add player Hrinay into team 2832C810_AA12 (expected team: 0HrinayA).
07.02.2026 - 12:05:44 - [TAB v5.5.0] Blocked attempt to add player Panobhau into team 2832C810_Z14 (expected team: 7PanobhauA).
07.02.2026 - 12:07:30 - [TAB v5.5.0] Blocked attempt to add player Panobhau into team 2832C810_AAAA15 (expected team: 7PanobhauA).
