[13/06 11:19:08] [info] Initializing worker and caches
[13/06 11:19:08] [info] Registering integrations
[13/06 11:19:08] [info] Initializing tasks and listeners
[13/06 11:19:09] [info] Enabled integration for PlaceholderAPI
[13/06 11:36:37] [info] Disabled integration for PlaceholderAPI
[13/06 11:36:37] [info] Disabled integration for Citizens
[22/06 18:16:57] [info] Initializing worker and caches
[22/06 18:16:57] [info] Registering integrations
[22/06 18:16:57] [info] Initializing tasks and listeners
[22/06 18:16:57] [info] Enabled integration for PlaceholderAPI
[22/06 18:19:47] [info] Disabled integration for PlaceholderAPI
[22/06 18:19:47] [info] Disabled integration for Citizens
[01/08 15:25:25] [info] Initializing worker and caches
[01/08 15:25:25] [info] Registering integrations
[01/08 15:25:25] [info] Initializing tasks and listeners
[01/08 15:25:26] [info] Enabled integration for PlaceholderAPI
[01/08 15:35:55] [info] Disabled integration for PlaceholderAPI
[01/08 15:35:55] [info] Disabled integration for Citizens
[01/08 17:17:54] [info] Initializing worker and caches
[01/08 17:17:54] [info] Registering integrations
[01/08 17:17:54] [info] Initializing tasks and listeners
[01/08 17:17:56] [info] Enabled integration for PlaceholderAPI
[01/08 17:19:52] [info] Disabled integration for PlaceholderAPI
[01/08 17:19:52] [info] Disabled integration for Citizens
[01/08 17:22:58] [info] Initializing worker and caches
[01/08 17:22:58] [info] Registering integrations
[01/08 17:22:58] [info] Initializing tasks and listeners
[01/08 17:22:59] [info] Enabled integration for PlaceholderAPI
[01/08 17:29:40] [info] Disabled integration for PlaceholderAPI
[01/08 17:29:40] [info] Disabled integration for Citizens
[01/08 17:32:07] [info] Initializing worker and caches
[01/08 17:32:07] [info] Registering integrations
[01/08 17:32:07] [info] Initializing tasks and listeners
[01/08 17:32:07] [info] Enabled integration for PlaceholderAPI
[01/08 17:43:42] [info] Disabled integration for PlaceholderAPI
[01/08 17:43:42] [info] Disabled integration for Citizens
[26/01 11:47:14] [info] Initializing worker and caches
[26/01 11:47:14] [info] Registering integrations
[26/01 11:47:14] [info] Initializing tasks and listeners
[26/01 11:47:15] [info] Enabled integration for PlaceholderAPI
[26/01 11:53:32] [info] Disabled integration for PlaceholderAPI
[26/01 11:53:32] [info] Disabled integration for Citizens
[31/03 12:38:58] [info] Initializing worker and caches
[31/03 12:38:58] [info] Registering integrations
[31/03 12:38:58] [info] Initializing tasks and listeners
[31/03 12:38:59] [info] Enabled integration for PlaceholderAPI
[31/03 12:39:46] [info] Disabled integration for PlaceholderAPI
[31/03 12:39:46] [info] Disabled integration for Citizens
[09/04 09:22:30] [info] Initializing worker and caches
[09/04 09:22:30] [info] Registering integrations
[09/04 09:22:30] [info] Initializing tasks and listeners
[09/04 09:22:31] [info] Enabled integration for PlaceholderAPI
[09/04 09:31:19] [info] Disabled integration for PlaceholderAPI
[09/04 09:31:19] [info] Disabled integration for Citizens
[26/01 21:20:24] [info] Initializing worker and caches
[26/01 21:20:25] [info] Registering integrations
[26/01 21:20:25] [info] Initializing tasks and listeners
[26/01 21:20:25] [info] Enabled integration for PlaceholderAPI
[26/01 21:24:55] [info] Disabled integration for PlaceholderAPI
[26/01 21:24:55] [info] Disabled integration for Citizens
[26/01 21:33:57] [info] Initializing worker and caches
[26/01 21:33:57] [info] Registering integrations
[26/01 21:33:57] [info] Initializing tasks and listeners
[26/01 21:33:58] [info] Enabled integration for PlaceholderAPI
[26/01 21:34:50] [info] Disabled integration for PlaceholderAPI
[26/01 21:34:50] [info] Disabled integration for Citizens
[26/01 21:36:39] [info] Initializing worker and caches
[26/01 21:36:39] [info] Registering integrations
[26/01 21:36:39] [info] Initializing tasks and listeners
[26/01 21:36:39] [info] Enabled integration for PlaceholderAPI
[26/01 21:36:59] [info] Disabled integration for PlaceholderAPI
[26/01 21:37:00] [info] Disabled integration for Citizens
[26/01 21:38:37] [info] Initializing worker and caches
[26/01 21:38:37] [info] Registering integrations
[26/01 21:38:37] [info] Initializing tasks and listeners
[26/01 21:38:38] [info] Enabled integration for PlaceholderAPI
[26/01 21:41:13] [info] Disabled integration for PlaceholderAPI
[26/01 21:41:13] [info] Disabled integration for Citizens
[26/01 21:44:50] [info] Initializing worker and caches
[26/01 21:44:50] [info] Registering integrations
[26/01 21:44:50] [info] Initializing tasks and listeners
[26/01 21:44:51] [info] Enabled integration for PlaceholderAPI
[26/01 21:54:02] [info] Disabled integration for PlaceholderAPI
[26/01 21:54:02] [info] Disabled integration for Citizens
[27/01 21:24:32] [info] Initializing worker and caches
[27/01 21:24:32] [info] Registering integrations
[27/01 21:24:32] [info] Initializing tasks and listeners
[27/01 21:24:32] [info] Enabled integration for PlaceholderAPI
[27/01 21:24:51] [info] Disabled integration for PlaceholderAPI
[27/01 21:24:51] [info] Disabled integration for Citizens
[27/01 21:38:06] [info] Initializing worker and caches
[27/01 21:38:06] [info] Registering integrations
[27/01 21:38:06] [info] Initializing tasks and listeners
[27/01 21:38:07] [info] Enabled integration for PlaceholderAPI
[27/01 21:50:51] [info] Disabled integration for PlaceholderAPI
[27/01 21:50:51] [info] Disabled integration for Citizens
[28/01 16:28:33] [info] Initializing worker and caches
[28/01 16:28:33] [info] Registering integrations
[28/01 16:28:33] [info] Initializing tasks and listeners
[28/01 16:28:33] [info] Enabled integration for PlaceholderAPI
[28/01 17:05:24] [info] Disabled integration for PlaceholderAPI
[28/01 17:05:24] [info] Disabled integration for Citizens
[29/01 11:14:36] [info] Initializing worker and caches
[29/01 11:14:36] [info] Registering integrations
[29/01 11:14:36] [info] Initializing tasks and listeners
[29/01 11:14:37] [info] Enabled integration for PlaceholderAPI
[29/01 11:31:56] [info] Disabled integration for PlaceholderAPI
[29/01 11:31:59] [info] Disabled integration for Citizens
[29/01 11:33:16] [info] Initializing worker and caches
[29/01 11:33:16] [info] Registering integrations
[29/01 11:33:16] [info] Initializing tasks and listeners
[29/01 11:33:17] [info] Enabled integration for PlaceholderAPI
[29/01 11:39:52] [info] Disabled integration for PlaceholderAPI
[29/01 11:39:52] [info] Disabled integration for Citizens
[04/02 19:03:20] [info] Initializing worker and caches
[04/02 19:03:20] [info] Registering integrations
[04/02 19:03:20] [info] Initializing tasks and listeners
[04/02 19:03:21] [info] Enabled integration for PlaceholderAPI
[04/02 19:03:40] [info] Disabled integration for PlaceholderAPI
[04/02 19:03:41] [info] Disabled integration for Citizens
[04/02 19:04:35] [info] Initializing worker and caches
[04/02 19:04:35] [info] Registering integrations
[04/02 19:04:35] [info] Initializing tasks and listeners
[04/02 19:04:35] [info] Enabled integration for PlaceholderAPI
[04/02 19:30:41] [info] Disabled integration for PlaceholderAPI
[04/02 19:30:41] [info] Disabled integration for Citizens
[05/02 17:24:06] [info] Initializing worker and caches
[05/02 17:24:06] [info] Registering integrations
[05/02 17:24:06] [info] Initializing tasks and listeners
[05/02 17:24:07] [info] Enabled integration for PlaceholderAPI
[05/02 17:30:11] [info] Disabled integration for PlaceholderAPI
[05/02 17:30:11] [info] Disabled integration for Citizens
[06/02 18:50:26] [info] Initializing worker and caches
[06/02 18:50:26] [info] Registering integrations
[06/02 18:50:26] [info] Initializing tasks and listeners
[06/02 18:50:27] [info] Enabled integration for PlaceholderAPI
[06/02 18:51:32] [info] Disabled integration for PlaceholderAPI
[06/02 18:51:32] [info] Disabled integration for Citizens
[06/02 18:51:49] [info] Initializing worker and caches
[06/02 18:51:49] [info] Registering integrations
[06/02 18:51:49] [info] Initializing tasks and listeners
[06/02 18:51:49] [info] Enabled integration for PlaceholderAPI
[06/02 18:53:41] [info] Disabled integration for PlaceholderAPI
[06/02 18:53:41] [info] Disabled integration for Citizens
[06/02 18:54:17] [info] Initializing worker and caches
[06/02 18:54:17] [info] Registering integrations
[06/02 18:54:17] [info] Initializing tasks and listeners
[06/02 18:54:18] [info] Enabled integration for PlaceholderAPI
[06/02 18:58:28] [info] Disabled integration for PlaceholderAPI
[06/02 18:58:28] [info] Disabled integration for Citizens
[06/02 19:02:43] [info] Initializing worker and caches
[06/02 19:02:43] [info] Registering integrations
[06/02 19:02:43] [info] Initializing tasks and listeners
[06/02 19:02:45] [info] Enabled integration for PlaceholderAPI
[06/02 19:04:45] [info] Disabled integration for PlaceholderAPI
[06/02 19:04:45] [info] Disabled integration for Citizens
[06/02 19:18:42] [info] Initializing worker and caches
[06/02 19:18:42] [info] Registering integrations
[06/02 19:18:42] [info] Initializing tasks and listeners
[06/02 19:18:43] [info] Enabled integration for PlaceholderAPI
[06/02 19:26:26] [info] Disabled integration for PlaceholderAPI
[06/02 19:26:26] [info] Disabled integration for Citizens
[06/02 19:27:45] [info] Initializing worker and caches
[06/02 19:27:45] [info] Registering integrations
[06/02 19:27:45] [info] Initializing tasks and listeners
[06/02 19:27:46] [info] Enabled integration for PlaceholderAPI
[06/02 19:54:32] [info] Disabled integration for PlaceholderAPI
[06/02 19:54:32] [info] Disabled integration for Citizens
[06/02 20:11:52] [info] Initializing worker and caches
[06/02 20:11:52] [info] Registering integrations
[06/02 20:11:52] [info] Initializing tasks and listeners
[06/02 20:11:53] [info] Enabled integration for PlaceholderAPI
[06/02 20:12:05] [info] Disabled integration for PlaceholderAPI
[06/02 20:12:05] [info] Disabled integration for Citizens
[07/02 10:48:33] [info] Initializing worker and caches
[07/02 10:48:33] [info] Registering integrations
[07/02 10:48:33] [info] Initializing tasks and listeners
[07/02 10:48:35] [info] Enabled integration for PlaceholderAPI
[07/02 10:53:15] [info] Disabled integration for PlaceholderAPI
[07/02 10:53:15] [info] Disabled integration for Citizens
[07/02 11:09:21] [info] Initializing worker and caches
[07/02 11:09:21] [info] Registering integrations
[07/02 11:09:21] [info] Initializing tasks and listeners
[07/02 11:09:22] [info] Enabled integration for PlaceholderAPI
[07/02 11:12:36] [info] Disabled integration for PlaceholderAPI
[07/02 11:12:36] [info] Disabled integration for Citizens
[07/02 11:16:53] [info] Initializing worker and caches
[07/02 11:16:53] [info] Registering integrations
[07/02 11:16:53] [info] Initializing tasks and listeners
[07/02 11:16:53] [info] Enabled integration for PlaceholderAPI
[07/02 11:20:15] [info] Disabled integration for PlaceholderAPI
[07/02 11:20:15] [info] Disabled integration for Citizens
[07/02 11:35:18] [info] Initializing worker and caches
[07/02 11:35:18] [info] Registering integrations
[07/02 11:35:18] [info] Initializing tasks and listeners
[07/02 11:35:18] [info] Enabled integration for PlaceholderAPI
[07/02 12:11:23] [info] Disabled integration for PlaceholderAPI
[07/02 12:11:23] [info] Disabled integration for Citizens
[07/02 12:14:02] [info] Initializing worker and caches
[07/02 12:14:02] [info] Registering integrations
[07/02 12:14:02] [info] Initializing tasks and listeners
[07/02 12:14:03] [info] Enabled integration for PlaceholderAPI
[07/02 12:15:21] [info] Disabled integration for PlaceholderAPI
[07/02 12:15:21] [info] Disabled integration for Citizens
[07/02 12:18:50] [info] Initializing worker and caches
[07/02 12:18:50] [info] Registering integrations
[07/02 12:18:50] [info] Initializing tasks and listeners
[07/02 12:18:50] [info] Enabled integration for PlaceholderAPI
[07/02 12:21:35] [info] Disabled integration for PlaceholderAPI
[07/02 12:21:35] [info] Disabled integration for Citizens
